Running collectives-final-0-1
collectives-final-0-1 0
Running collectives-final-0-1-2-3
collectives-final-0-1-2-3 0
Running collectives-final-0-1-2-3-4-5-6-7
collectives-final-0-1-2-3-4-5-6-7 0
Running collectives-final-7-6
collectives-final-7-6 0
Running service-tp8-final
service-tp8-final 0
Running fixture
fixture 0
Running model-0.6b
model-0.6b 1
Running model-1.7b
model-1.7b 1
Running model-30b-a3b
model-30b-a3b 1
Running generation-30b-a3b-tp8
generation-30b-a3b-tp8 0
Running bench-tp1
bench-tp1 0
Running bench-tp2
bench-tp2 0
Running bench-tp4
bench-tp4 0
Running bench-tp8
bench-tp8 0
Running collectives-simple-memcheck
collectives-simple-memcheck 1
