Running ranked-sum-test
ranked-sum-test 0
Running ranked-sum-memcheck
ranked-sum-memcheck 0
Running ranked-sum-racecheck
ranked-sum-racecheck 0
Running native-collectives-tp8
native-collectives-tp8 0
Running fixture-group
fixture-group 0
Running service-group-tp8
service-group-tp8 0
Running group-model-0.6b-full
group-model-0.6b-full 0
Running group-model-0.6b-chunked
group-model-0.6b-chunked 0
Running group-model-1.7b-full
group-model-1.7b-full 0
Running group-model-1.7b-chunked
group-model-1.7b-chunked 0
Running generation-final-30b-a3b-tp8
generation-final-30b-a3b-tp8 0
Running bench-final-tp1
bench-final-tp1 0
Running bench-final-tp2
bench-final-tp2 0
Running bench-final-tp4
bench-final-tp4 0
Running bench-final-tp8
bench-final-tp8 0
